base referer
rect $classvtkMrmlNode.html 9,680 110,704
rect $classvtkMrmlColorNode.html 198,8 332,32
rect $classvtkMrmlCrossSectionNode.html 174,56 356,80
rect $classvtkMrmlEndFiducialsNode.html 176,104 354,128
rect $classvtkMrmlEndHierarchyNode.html 174,152 356,176
rect $classvtkMrmlEndModelGroupNode.html 166,200 364,224
rect $classvtkMrmlEndPathNode.html 189,248 341,272
rect $classvtkMrmlEndScenesNode.html 180,296 350,320
rect $classvtkMrmlEndTransformNode.html 173,344 357,368
rect $classvtkMrmlEndVolumeStateNode.html 165,392 365,416
rect $classvtkMrmlFiducialsNode.html 188,440 342,464
rect $classvtkMrmlHierarchyNode.html 186,488 344,512
rect $classvtkMrmlLandmarkNode.html 185,536 345,560
rect $classvtkMrmlLocatorNode.html 192,584 338,608
rect $classvtkMrmlMatrixNode.html 196,632 334,656
rect $classvtkMrmlModelGroupNode.html 177,680 353,704
rect $classvtkMrmlModelNode.html 196,728 334,752
rect $classvtkMrmlModelRefNode.html 186,776 344,800
rect $classvtkMrmlModelStateNode.html 181,824 349,848
rect $classvtkMrmlOptionsNode.html 192,872 338,896
rect $classvtkMrmlPathNode.html 201,920 329,944
rect $classvtkMrmlPointNode.html 200,968 330,992
rect $classvtkMrmlSceneOptionsNode.html 172,1016 358,1040
rect $classvtkMrmlScenesNode.html 192,1064 338,1088
rect $classvtkMrmlTetraMeshNode.html 182,1112 348,1136
rect $classvtkMrmlTransformNode.html 184,1160 346,1184
rect $classvtkMrmlVolumeNode.html 192,1208 338,1232
rect $classvtkMrmlVolumeReadWriteNode.html 161,1256 369,1280
rect $classvtkMrmlVolumeStateNode.html 177,1304 353,1328
rect $classvtkMrmlWindowLevelNode.html 176,1352 354,1376
rect $classvtkMrmlVolumeReadWriteStructuredPointsNode.html 420,1256 726,1280
